Performing C++ SOURCE FILE Test HAVE_CXX_FLAG_WSHORTEN_64_TO_32 failed with the following output:
Change Dir: /home/gby/ligerolight/build/CMakeFiles/CMakeTmp

Run Build Command(s):/usr/bin/gmake -f Makefile cmTC_16380/fast && /usr/bin/gmake  -f CMakeFiles/cmTC_16380.dir/build.make CMakeFiles/cmTC_16380.dir/build
gmake[1]: Entering directory '/home/gby/ligerolight/build/CMakeFiles/CMakeTmp'
Building CXX object CMakeFiles/cmTC_16380.dir/src.cxx.o
/usr/bin/c++ -DHAVE_CXX_FLAG_WSHORTEN_64_TO_32  -std=c++14 -Wall -Wextra -Wfatal-errors -Wno-sign-compare -Wno-shadow -Wno-unused-variable -Wno-unused-parameter -L/usr/local/lib -ggdb3 -O3 -march=native -mtune=native -Wno-unused-but-set-variable -mpclmul -msse4.1  -std=c++11  -Wall  -Wextra  -Wshadow  -pedantic  -pedantic-errors  -Wshorten-64-to-32   -Wshorten-64-to-32 -o CMakeFiles/cmTC_16380.dir/src.cxx.o -c /home/gby/ligerolight/build/CMakeFiles/CMakeTmp/src.cxx
c++: error: unrecognized command-line option '-Wshorten-64-to-32'
c++: error: unrecognized command-line option '-Wshorten-64-to-32'
gmake[1]: *** [CMakeFiles/cmTC_16380.dir/build.make:78: CMakeFiles/cmTC_16380.dir/src.cxx.o] Error 1
gmake[1]: Leaving directory '/home/gby/ligerolight/build/CMakeFiles/CMakeTmp'
gmake: *** [Makefile:127: cmTC_16380/fast] Error 2


Source file was:
int main() { return 0; }
Performing C++ SOURCE FILE Test HAVE_CXX_FLAG_WD654 failed with the following output:
Change Dir: /home/gby/ligerolight/build/CMakeFiles/CMakeTmp

Run Build Command(s):/usr/bin/gmake -f Makefile cmTC_61bb2/fast && /usr/bin/gmake  -f CMakeFiles/cmTC_61bb2.dir/build.make CMakeFiles/cmTC_61bb2.dir/build
gmake[1]: Entering directory '/home/gby/ligerolight/build/CMakeFiles/CMakeTmp'
Building CXX object CMakeFiles/cmTC_61bb2.dir/src.cxx.o
/usr/bin/c++ -DHAVE_CXX_FLAG_WD654  -std=c++14 -Wall -Wextra -Wfatal-errors -Wno-sign-compare -Wno-shadow -Wno-unused-variable -Wno-unused-parameter -L/usr/local/lib -ggdb3 -O3 -march=native -mtune=native -Wno-unused-but-set-variable -mpclmul -msse4.1  -std=c++11  -Wall  -Wextra  -Wshadow  -pedantic  -pedantic-errors  -Wfloat-equal  -fstrict-aliasing  -Wstrict-aliasing  -wd654   -wd654 -o CMakeFiles/cmTC_61bb2.dir/src.cxx.o -c /home/gby/ligerolight/build/CMakeFiles/CMakeTmp/src.cxx
c++: error: unrecognized command-line option '-wd654'
c++: error: unrecognized command-line option '-wd654'
gmake[1]: *** [CMakeFiles/cmTC_61bb2.dir/build.make:78: CMakeFiles/cmTC_61bb2.dir/src.cxx.o] Error 1
gmake[1]: Leaving directory '/home/gby/ligerolight/build/CMakeFiles/CMakeTmp'
gmake: *** [Makefile:127: cmTC_61bb2/fast] Error 2


Source file was:
int main() { return 0; }
Performing C++ SOURCE FILE Test HAVE_CXX_FLAG_WTHREAD_SAFETY failed with the following output:
Change Dir: /home/gby/ligerolight/build/CMakeFiles/CMakeTmp

Run Build Command(s):/usr/bin/gmake -f Makefile cmTC_d1e15/fast && /usr/bin/gmake  -f CMakeFiles/cmTC_d1e15.dir/build.make CMakeFiles/cmTC_d1e15.dir/build
gmake[1]: Entering directory '/home/gby/ligerolight/build/CMakeFiles/CMakeTmp'
Building CXX object CMakeFiles/cmTC_d1e15.dir/src.cxx.o
/usr/bin/c++ -DHAVE_CXX_FLAG_WTHREAD_SAFETY  -std=c++14 -Wall -Wextra -Wfatal-errors -Wno-sign-compare -Wno-shadow -Wno-unused-variable -Wno-unused-parameter -L/usr/local/lib -ggdb3 -O3 -march=native -mtune=native -Wno-unused-but-set-variable -mpclmul -msse4.1  -std=c++11  -Wall  -Wextra  -Wshadow  -pedantic  -pedantic-errors  -Wfloat-equal  -fstrict-aliasing  -Wstrict-aliasing  -Wthread-safety   -Wthread-safety -o CMakeFiles/cmTC_d1e15.dir/src.cxx.o -c /home/gby/ligerolight/build/CMakeFiles/CMakeTmp/src.cxx
c++: error: unrecognized command-line option '-Wthread-safety'
c++: error: unrecognized command-line option '-Wthread-safety'
gmake[1]: *** [CMakeFiles/cmTC_d1e15.dir/build.make:78: CMakeFiles/cmTC_d1e15.dir/src.cxx.o] Error 1
gmake[1]: Leaving directory '/home/gby/ligerolight/build/CMakeFiles/CMakeTmp'
gmake: *** [Makefile:127: cmTC_d1e15/fast] Error 2


Source file was:
int main() { return 0; }
Performing C++ SOURCE FILE Test HAVE_CXX_FLAG_WSHORTEN_64_TO_32 failed with the following output:
Change Dir: /home/gby/ligerolight/build/CMakeFiles/CMakeTmp

Run Build Command(s):/home/gby/.local/bin/ninja cmTC_d325b && [1/2] Building CXX object CMakeFiles/cmTC_d325b.dir/src.cxx.o
FAILED: CMakeFiles/cmTC_d325b.dir/src.cxx.o 
/usr/bin/c++ -DHAVE_CXX_FLAG_WSHORTEN_64_TO_32  -std=c++14 -Wall -Wextra -Wfatal-errors -Wno-sign-compare -Wno-shadow -Wno-unused-variable -Wno-unused-parameter -L/usr/local/lib -ggdb3 -O3 -march=native -mtune=native -Wno-unused-but-set-variable -mpclmul -msse4.1  -std=c++11  -Wall  -Wextra  -Wshadow  -pedantic  -pedantic-errors  -Wshorten-64-to-32   -Wshorten-64-to-32 -o CMakeFiles/cmTC_d325b.dir/src.cxx.o -c /home/gby/ligerolight/build/CMakeFiles/CMakeTmp/src.cxx
c++: error: unrecognized command-line option '-Wshorten-64-to-32'
c++: error: unrecognized command-line option '-Wshorten-64-to-32'
ninja: build stopped: subcommand failed.


Source file was:
int main() { return 0; }
Performing C++ SOURCE FILE Test HAVE_CXX_FLAG_WD654 failed with the following output:
Change Dir: /home/gby/ligerolight/build/CMakeFiles/CMakeTmp

Run Build Command(s):/home/gby/.local/bin/ninja cmTC_ef29e && [1/2] Building CXX object CMakeFiles/cmTC_ef29e.dir/src.cxx.o
FAILED: CMakeFiles/cmTC_ef29e.dir/src.cxx.o 
/usr/bin/c++ -DHAVE_CXX_FLAG_WD654  -std=c++14 -Wall -Wextra -Wfatal-errors -Wno-sign-compare -Wno-shadow -Wno-unused-variable -Wno-unused-parameter -L/usr/local/lib -ggdb3 -O3 -march=native -mtune=native -Wno-unused-but-set-variable -mpclmul -msse4.1  -std=c++11  -Wall  -Wextra  -Wshadow  -pedantic  -pedantic-errors  -Wfloat-equal  -fstrict-aliasing  -Wstrict-aliasing  -wd654   -wd654 -o CMakeFiles/cmTC_ef29e.dir/src.cxx.o -c /home/gby/ligerolight/build/CMakeFiles/CMakeTmp/src.cxx
c++: error: unrecognized command-line option '-wd654'
c++: error: unrecognized command-line option '-wd654'
ninja: build stopped: subcommand failed.


Source file was:
int main() { return 0; }
Performing C++ SOURCE FILE Test HAVE_CXX_FLAG_WTHREAD_SAFETY failed with the following output:
Change Dir: /home/gby/ligerolight/build/CMakeFiles/CMakeTmp

Run Build Command(s):/home/gby/.local/bin/ninja cmTC_5142d && [1/2] Building CXX object CMakeFiles/cmTC_5142d.dir/src.cxx.o
FAILED: CMakeFiles/cmTC_5142d.dir/src.cxx.o 
/usr/bin/c++ -DHAVE_CXX_FLAG_WTHREAD_SAFETY  -std=c++14 -Wall -Wextra -Wfatal-errors -Wno-sign-compare -Wno-shadow -Wno-unused-variable -Wno-unused-parameter -L/usr/local/lib -ggdb3 -O3 -march=native -mtune=native -Wno-unused-but-set-variable -mpclmul -msse4.1  -std=c++11  -Wall  -Wextra  -Wshadow  -pedantic  -pedantic-errors  -Wfloat-equal  -fstrict-aliasing  -Wstrict-aliasing  -Wthread-safety   -Wthread-safety -o CMakeFiles/cmTC_5142d.dir/src.cxx.o -c /home/gby/ligerolight/build/CMakeFiles/CMakeTmp/src.cxx
c++: error: unrecognized command-line option '-Wthread-safety'
c++: error: unrecognized command-line option '-Wthread-safety'
ninja: build stopped: subcommand failed.


Source file was:
int main() { return 0; }
